// Jest Snapshot v1, https://goo.gl/fbAQLP

exports[`Settings component should match exact snapshot 1`] = `
<div>
  <div
    className="mx-auto"
  >
    <h1>
      Settings
    </h1>
    <form
      className="form"
      onSubmit={[Function]}
    >
      <div
        className="input-group mb-2"
      >
        <input
          className="form-control"
          id="_ip"
          onChange={[Function]}
          placeholder="put here setup name you want"
          required={true}
          type="text"
          value=""
        />
      </div>
      <div
        className="form-label-group input-group"
      >
        <input
          className="form-control"
          id="_ip"
          onChange={[Function]}
          placeholder="put here hub ip address"
          required={true}
          type="text"
          value=""
        />
        <div
          className="input-group-append"
        >
          <div
            className="input-group-text bg-info"
          >
            <button
              className="btn bg-transparent border-none p-0 text-white"
              type="submit"
            >
              Submit
            </button>
          </div>
        </div>
        <label
          htmlFor="_ip"
        >
          put here hub ip address
        </label>
      </div>
    </form>
  </div>
</div>
`;
